$ xcrun simctl list devices -j
{
  "devices" : {
    "com.apple.CoreSimulator.SimRuntime.iOS-26-2" : [
      {
        "lastBootedAt" : "2026-10-02T10:31:26Z",
        "dataPath" : "\/Users\/ryosuke\/Library\/Developer\/CoreSimulator\/Devices\/1BDE7133-58B4-4D8E-BC69-C653794FACD6\/data",
        "dataPathSize" : 11869011968,
        "logPath" : "\/Users\/ryosuke\/Library\/Logs\/CoreSimulator\/1BDE7133-58B4-4D8E-BC69-C653794FACD6",
        "udid" : "1BDE7133-58B4-4D8E-BC69-C653794FACD6",
        "isAvailable" : true,
        "logPathSize" : 2400256,
        "deviceTypeIdentifier" : "com.apple.CoreSimulator.SimDeviceType.iPhone-17",
        "state" : "Shutdown",
        "name" : "iPhone 17"
      },
      {
        "lastBootedAt" : "2026-10-02T10:32:52Z",
        "dataPath" : "\/Users\/ryosuke\/Library\/Developer\/CoreSimulator\/Devices\/FC2B9DA4-B42A-456C-892F-E425F9F90690\/data",
        "dataPathSize" : 2549391360,
        "logPath" : "\/Users\/ryosuke\/Library\/Logs\/CoreSimulator\/FC2B9DA4-B42A-456C-892F-E425F9F90690",
        "udid" : "FC2B9DA4-B42A-456C-892F-E425F9F90690",
        "isAvailable" : true,
        "logPathSize" : 430080,
        "deviceTypeIdentifier" : "com.apple.CoreSimulator.SimDeviceType.iPhone-17",
        "state" : "Shutdown",
        "name" : "iPhone 17 (SB uitest 1)"
      },
      {
        "lastBootedAt" : "2026-10-02T10:33:01Z",
        "dataPath" : "\/Users\/ryosuke\/Library\/Developer\/CoreSimulator\/Devices\/8537EA42-18F4-4BD2-8A0B-CEDF97814B77\/data",
        "dataPathSize" : 2019110912,
        "logPath" : "\/Users\/ryosuke\/Library\/Logs\/CoreSimulator\/8537EA42-18F4-4BD2-8A0B-CEDF97814B77",
        "udid" : "8537EA42-18F4-4BD2-8A0B-CEDF97814B77",
        "isAvailable" : true,
        "logPathSize" : 581632,
        "deviceTypeIdentifier" : "com.apple.CoreSimulator.SimDeviceType.iPhone-17",
        "state" : "Shutdown",
        "name" : "iPhone 17 (SB uitest 2)"
      },
      {
        "lastBootedAt" : "2026-10-02T10:33:10Z",
        "dataPath" : "\/Users\/ryosuke\/Library\/Developer\/CoreSimulator\/Devices\/92087D78-8BE3-4B5A-A401-375A89B900D8\/data",
        "dataPathSize" : 1823997952,
        "logPath" : "\/Users\/ryosuke\/Library\/Logs\/CoreSimulator\/92087D78-8BE3-4B5A-A401-375A89B900D8",
        "udid" : "92087D78-8BE3-4B5A-A401-375A89B900D8",
        "isAvailable" : true,
        "logPathSize" : 479232,
        "deviceTypeIdentifier" : "com.apple.CoreSimulator.SimDeviceType.iPhone-17",
        "state" : "Shutdown",
        "name" : "iPhone 17 (SB uitest 3)"
      },
      {
        "lastBootedAt" : "2026-10-02T10:33:20Z",
        "dataPath" : "\/Users\/ryosuke\/Library\/Developer\/CoreSimulator\/Devices\/70BFAAC2-3301-466C-ADA0-2BC8201D820A\/data",
        "dataPathSize" : 1815846912,
        "logPath" : "\/Users\/ryosuke\/Library\/Logs\/CoreSimulator\/70BFAAC2-3301-466C-ADA0-2BC8201D820A",
        "udid" : "70BFAAC2-3301-466C-ADA0-2BC8201D820A",
        "isAvailable" : true,
        "logPathSize" : 479232,
        "deviceTypeIdentifier" : "com.apple.CoreSimulator.SimDeviceType.iPhone-17",
        "state" : "Shutdown",
        "name" : "iPhone 17 (SB uitest 4)"
      },
      {
        "lastBootedAt" : "2026-10-02T10:53:01Z",
        "dataPath" : "\/Users\/ryosuke\/Library\/Developer\/CoreSimulator\/Devices\/7373B5A5-F02E-4C9F-AC2B-498B6691317E\/data",
        "dataPathSize" : 1053896704,
        "logPath" : "\/Users\/ryosuke\/Library\/Logs\/CoreSimulator\/7373B5A5-F02E-4C9F-AC2B-498B6691317E",
        "udid" : "7373B5A5-F02E-4C9F-AC2B-498B6691317E",
        "isAvailable" : true,
        "logPathSize" : 155648,
        "deviceTypeIdentifier" : "com.apple.CoreSimulator.SimDeviceType.iPhone-17",
        "state" : "Shutdown",
        "name" : "Phlox-SimulatorGate-20261002-195300"
      },
      {
        "lastBootedAt" : "2026-10-02T10:56:24Z",
        "dataPath" : "\/Users\/ryosuke\/Library\/Developer\/CoreSimulator\/Devices\/552457B7-9585-4645-A0FC-F1C5705B276C\/data",
        "dataPathSize" : 1024925696,
        "logPath" : "\/Users\/ryosuke\/Library\/Logs\/CoreSimulator\/552457B7-9585-4645-A0FC-F1C5705B276C",
        "udid" : "552457B7-9585-4645-A0FC-F1C5705B276C",
        "isAvailable" : true,
        "logPathSize" : 143360,
        "deviceTypeIdentifier" : "com.apple.CoreSimulator.SimDeviceType.iPhone-17",
        "state" : "Shutdown",
        "name" : "Phlox-SimulatorGate-20261002-195624"
      },
      {
        "lastBootedAt" : "2026-10-02T11:00:18Z",
        "dataPath" : "\/Users\/ryosuke\/Library\/Developer\/CoreSimulator\/Devices\/AAB34682-B2C5-4F1C-984F-D3ABE22149BD\/data",
        "dataPathSize" : 1114963968,
        "logPath" : "\/Users\/ryosuke\/Library\/Logs\/CoreSimulator\/AAB34682-B2C5-4F1C-984F-D3ABE22149BD",
        "udid" : "AAB34682-B2C5-4F1C-984F-D3ABE22149BD",
        "isAvailable" : true,
        "logPathSize" : 155648,
        "deviceTypeIdentifier" : "com.apple.CoreSimulator.SimDeviceType.iPhone-17",
        "state" : "Shutdown",
        "name" : "Phlox-SimulatorGate-20261002-200017"
      }
    ]
  }
}
終了コード: 0
$ xcrun simctl create Phlox-SimulatorGate-20261002-200311 com.apple.CoreSimulator.SimDeviceType.iPhone-17 com.apple.CoreSimulator.SimRuntime.iOS-26-2
801D9AD3-B072-4E8B-87C3-95D2C0A9AF94
終了コード: 0
$ xcrun simctl boot 801D9AD3-B072-4E8B-87C3-95D2C0A9AF94
終了コード: 0
$ xcrun simctl bootstatus 801D9AD3-B072-4E8B-87C3-95D2C0A9AF94 -b
Monitoring boot status for Phlox-SimulatorGate-20261002-200311 (801D9AD3-B072-4E8B-87C3-95D2C0A9AF94).
[2026-10-02 11:03:14 +0000] Status=2, isTerminal=NO, Elapsed=00:01.
	Waiting on Data Migration
		Reason:(null)
		Migration Elapsed:00:00 seconds

[2026-10-02 11:03:39 +0000] Status=2, isTerminal=NO, Elapsed=00:27.
	Waiting on Data Migration
		Reason:Running plugin com.apple.managedconfiguration.migrator (MCProfile.migrator, user-agnostic)
		Migration Elapsed:00:24 seconds

[2026-10-02 11:03:40 +0000] Status=2, isTerminal=NO, Elapsed=00:28.
	Waiting on Data Migration
		Reason:Running plugin com.apple.managedconfiguration.migrator (MCProfile.migrator, user-agnostic)
		Migration Elapsed:00:25 seconds

[2026-10-02 11:03:41 +0000] Status=2, isTerminal=NO, Elapsed=00:28.
	Waiting on Data Migration
		Reason:Running plugin com.apple.managedconfiguration.migrator (MCProfile.migrator, user-agnostic)
		Migration Elapsed:00:26 seconds

[2026-10-02 11:03:42 +0000] Status=2, isTerminal=NO, Elapsed=00:29.
	Waiting on Data Migration
		Reason:Running plugin com.apple.managedconfiguration.migrator (MCProfile.migrator, user-agnostic)
		Migration Elapsed:00:27 seconds

[2026-10-02 11:03:43 +0000] Status=2, isTerminal=NO, Elapsed=00:30.
	Waiting on Data Migration
		Reason:Running plugin com.apple.addressbook.migrator (AddressBookLegacy.migrator)
		Migration Elapsed:00:28 seconds

[2026-10-02 11:03:43 +0000] Status=2, isTerminal=NO, Elapsed=00:31.
	Waiting on Data Migration
		Reason:Running plugin com.apple.PreferencesMigrator (PreferencesMigrator.migrator)
		Migration Elapsed:00:29 seconds

[2026-10-02 11:03:45 +0000] Status=4, isTerminal=NO, Elapsed=00:32.
	Waiting on System App

[2026-10-02 11:03:47 +0000] Status=4294967295, isTerminal=YES, Elapsed=00:35.
	Finished

終了コード: 0
$ xcrun simctl install 801D9AD3-B072-4E8B-87C3-95D2C0A9AF94 /Users/ryosuke/Projects/Phlox-oss-worktrees/simulator-gate/macos/Prototypes/SimulatorGate/.build/TestDerivedData/Build/Products/Release-iphonesimulator/GateTest.app
終了コード: 0
$ xcrun simctl launch 801D9AD3-B072-4E8B-87C3-95D2C0A9AF94 com.phlox.prototype.GateTest
com.phlox.prototype.GateTest: 50082
終了コード: 0
$ xcrun simctl get_app_container 801D9AD3-B072-4E8B-87C3-95D2C0A9AF94 com.phlox.prototype.GateTest data
/Users/ryosuke/Library/Developer/CoreSimulator/Devices/801D9AD3-B072-4E8B-87C3-95D2C0A9AF94/data/Containers/Data/Application/17D5C36E-A1C6-4059-8165-CB572C48F288
終了コード: 0
$ xcode-select -p
/Applications/Xcode.app/Contents/Developer
終了コード: 0
$ screencapture -x -o -l37199 /Users/ryosuke/Projects/Phlox-oss-worktrees/simulator-gate/macos/Prototypes/SimulatorGate/Records/host-02.png
終了コード: 0
$ xcrun simctl io 801D9AD3-B072-4E8B-87C3-95D2C0A9AF94 screenshot /Users/ryosuke/Projects/Phlox-oss-worktrees/simulator-gate/macos/Prototypes/SimulatorGate/Records/device-02.png
Detected file type 'PNG' from extension
Wrote screenshot to: /Users/ryosuke/Projects/Phlox-oss-worktrees/simulator-gate/macos/Prototypes/SimulatorGate/Records/device-02.png
終了コード: 0
$ screencapture -x -o -l37199 /Users/ryosuke/Projects/Phlox-oss-worktrees/simulator-gate/macos/Prototypes/SimulatorGate/Records/host-03.png
終了コード: 0
$ xcrun simctl io 801D9AD3-B072-4E8B-87C3-95D2C0A9AF94 screenshot /Users/ryosuke/Projects/Phlox-oss-worktrees/simulator-gate/macos/Prototypes/SimulatorGate/Records/device-03.png
Detected file type 'PNG' from extension
Wrote screenshot to: /Users/ryosuke/Projects/Phlox-oss-worktrees/simulator-gate/macos/Prototypes/SimulatorGate/Records/device-03.png
終了コード: 0
$ screencapture -x -o -l37199 /Users/ryosuke/Projects/Phlox-oss-worktrees/simulator-gate/macos/Prototypes/SimulatorGate/Records/host-06.png
終了コード: 0
$ xcrun simctl io 801D9AD3-B072-4E8B-87C3-95D2C0A9AF94 screenshot /Users/ryosuke/Projects/Phlox-oss-worktrees/simulator-gate/macos/Prototypes/SimulatorGate/Records/device-06.png
Detected file type 'PNG' from extension
Wrote screenshot to: /Users/ryosuke/Projects/Phlox-oss-worktrees/simulator-gate/macos/Prototypes/SimulatorGate/Records/device-06.png
終了コード: 0
$ screencapture -x -o -l37199 /Users/ryosuke/Projects/Phlox-oss-worktrees/simulator-gate/macos/Prototypes/SimulatorGate/Records/host-07.png
終了コード: 0
$ xcrun simctl io 801D9AD3-B072-4E8B-87C3-95D2C0A9AF94 screenshot /Users/ryosuke/Projects/Phlox-oss-worktrees/simulator-gate/macos/Prototypes/SimulatorGate/Records/device-07.png
Detected file type 'PNG' from extension
Wrote screenshot to: /Users/ryosuke/Projects/Phlox-oss-worktrees/simulator-gate/macos/Prototypes/SimulatorGate/Records/device-07.png
終了コード: 0
$ screencapture -x -o -l37199 /Users/ryosuke/Projects/Phlox-oss-worktrees/simulator-gate/macos/Prototypes/SimulatorGate/Records/host-10.png
終了コード: 0
$ xcrun simctl io 801D9AD3-B072-4E8B-87C3-95D2C0A9AF94 screenshot /Users/ryosuke/Projects/Phlox-oss-worktrees/simulator-gate/macos/Prototypes/SimulatorGate/Records/device-10.png
Detected file type 'PNG' from extension
Wrote screenshot to: /Users/ryosuke/Projects/Phlox-oss-worktrees/simulator-gate/macos/Prototypes/SimulatorGate/Records/device-10.png
終了コード: 0
$ screencapture -x -o -l37199 /Users/ryosuke/Projects/Phlox-oss-worktrees/simulator-gate/macos/Prototypes/SimulatorGate/Records/host-11.png
終了コード: 0
$ xcrun simctl io 801D9AD3-B072-4E8B-87C3-95D2C0A9AF94 screenshot /Users/ryosuke/Projects/Phlox-oss-worktrees/simulator-gate/macos/Prototypes/SimulatorGate/Records/device-11.png
Detected file type 'PNG' from extension
Wrote screenshot to: /Users/ryosuke/Projects/Phlox-oss-worktrees/simulator-gate/macos/Prototypes/SimulatorGate/Records/device-11.png
終了コード: 0
$ screencapture -x -o -l37199 /Users/ryosuke/Projects/Phlox-oss-worktrees/simulator-gate/macos/Prototypes/SimulatorGate/Records/host-23.png
終了コード: 0
$ xcrun simctl io 801D9AD3-B072-4E8B-87C3-95D2C0A9AF94 screenshot /Users/ryosuke/Projects/Phlox-oss-worktrees/simulator-gate/macos/Prototypes/SimulatorGate/Records/device-23.png
Detected file type 'PNG' from extension
Wrote screenshot to: /Users/ryosuke/Projects/Phlox-oss-worktrees/simulator-gate/macos/Prototypes/SimulatorGate/Records/device-23.png
終了コード: 0
$ screencapture -x -o -l37199 /Users/ryosuke/Projects/Phlox-oss-worktrees/simulator-gate/macos/Prototypes/SimulatorGate/Records/host-27.png
終了コード: 0
$ xcrun simctl io 801D9AD3-B072-4E8B-87C3-95D2C0A9AF94 screenshot /Users/ryosuke/Projects/Phlox-oss-worktrees/simulator-gate/macos/Prototypes/SimulatorGate/Records/device-27.png
Detected file type 'PNG' from extension
Wrote screenshot to: /Users/ryosuke/Projects/Phlox-oss-worktrees/simulator-gate/macos/Prototypes/SimulatorGate/Records/device-27.png
終了コード: 0
$ xcrun simctl shutdown 801D9AD3-B072-4E8B-87C3-95D2C0A9AF94
終了コード: 0
$ xcrun simctl list devices -j
{
  "devices" : {
    "com.apple.CoreSimulator.SimRuntime.iOS-26-2" : [
      {
        "lastBootedAt" : "2026-10-02T10:31:26Z",
        "dataPath" : "\/Users\/ryosuke\/Library\/Developer\/CoreSimulator\/Devices\/1BDE7133-58B4-4D8E-BC69-C653794FACD6\/data",
        "dataPathSize" : 11869011968,
        "logPath" : "\/Users\/ryosuke\/Library\/Logs\/CoreSimulator\/1BDE7133-58B4-4D8E-BC69-C653794FACD6",
        "udid" : "1BDE7133-58B4-4D8E-BC69-C653794FACD6",
        "isAvailable" : true,
        "logPathSize" : 2400256,
        "deviceTypeIdentifier" : "com.apple.CoreSimulator.SimDeviceType.iPhone-17",
        "state" : "Shutdown",
        "name" : "iPhone 17"
      },
      {
        "lastBootedAt" : "2026-10-02T10:32:52Z",
        "dataPath" : "\/Users\/ryosuke\/Library\/Developer\/CoreSimulator\/Devices\/FC2B9DA4-B42A-456C-892F-E425F9F90690\/data",
        "dataPathSize" : 2549391360,
        "logPath" : "\/Users\/ryosuke\/Library\/Logs\/CoreSimulator\/FC2B9DA4-B42A-456C-892F-E425F9F90690",
        "udid" : "FC2B9DA4-B42A-456C-892F-E425F9F90690",
        "isAvailable" : true,
        "logPathSize" : 430080,
        "deviceTypeIdentifier" : "com.apple.CoreSimulator.SimDeviceType.iPhone-17",
        "state" : "Shutdown",
        "name" : "iPhone 17 (SB uitest 1)"
      },
      {
        "lastBootedAt" : "2026-10-02T10:33:01Z",
        "dataPath" : "\/Users\/ryosuke\/Library\/Developer\/CoreSimulator\/Devices\/8537EA42-18F4-4BD2-8A0B-CEDF97814B77\/data",
        "dataPathSize" : 2019110912,
        "logPath" : "\/Users\/ryosuke\/Library\/Logs\/CoreSimulator\/8537EA42-18F4-4BD2-8A0B-CEDF97814B77",
        "udid" : "8537EA42-18F4-4BD2-8A0B-CEDF97814B77",
        "isAvailable" : true,
        "logPathSize" : 581632,
        "deviceTypeIdentifier" : "com.apple.CoreSimulator.SimDeviceType.iPhone-17",
        "state" : "Shutdown",
        "name" : "iPhone 17 (SB uitest 2)"
      },
      {
        "lastBootedAt" : "2026-10-02T10:33:10Z",
        "dataPath" : "\/Users\/ryosuke\/Library\/Developer\/CoreSimulator\/Devices\/92087D78-8BE3-4B5A-A401-375A89B900D8\/data",
        "dataPathSize" : 1823997952,
        "logPath" : "\/Users\/ryosuke\/Library\/Logs\/CoreSimulator\/92087D78-8BE3-4B5A-A401-375A89B900D8",
        "udid" : "92087D78-8BE3-4B5A-A401-375A89B900D8",
        "isAvailable" : true,
        "logPathSize" : 479232,
        "deviceTypeIdentifier" : "com.apple.CoreSimulator.SimDeviceType.iPhone-17",
        "state" : "Shutdown",
        "name" : "iPhone 17 (SB uitest 3)"
      },
      {
        "lastBootedAt" : "2026-10-02T10:33:20Z",
        "dataPath" : "\/Users\/ryosuke\/Library\/Developer\/CoreSimulator\/Devices\/70BFAAC2-3301-466C-ADA0-2BC8201D820A\/data",
        "dataPathSize" : 1815846912,
        "logPath" : "\/Users\/ryosuke\/Library\/Logs\/CoreSimulator\/70BFAAC2-3301-466C-ADA0-2BC8201D820A",
        "udid" : "70BFAAC2-3301-466C-ADA0-2BC8201D820A",
        "isAvailable" : true,
        "logPathSize" : 479232,
        "deviceTypeIdentifier" : "com.apple.CoreSimulator.SimDeviceType.iPhone-17",
        "state" : "Shutdown",
        "name" : "iPhone 17 (SB uitest 4)"
      },
      {
        "lastBootedAt" : "2026-10-02T10:53:01Z",
        "dataPath" : "\/Users\/ryosuke\/Library\/Developer\/CoreSimulator\/Devices\/7373B5A5-F02E-4C9F-AC2B-498B6691317E\/data",
        "dataPathSize" : 1053896704,
        "logPath" : "\/Users\/ryosuke\/Library\/Logs\/CoreSimulator\/7373B5A5-F02E-4C9F-AC2B-498B6691317E",
        "udid" : "7373B5A5-F02E-4C9F-AC2B-498B6691317E",
        "isAvailable" : true,
        "logPathSize" : 155648,
        "deviceTypeIdentifier" : "com.apple.CoreSimulator.SimDeviceType.iPhone-17",
        "state" : "Shutdown",
        "name" : "Phlox-SimulatorGate-20261002-195300"
      },
      {
        "lastBootedAt" : "2026-10-02T10:56:24Z",
        "dataPath" : "\/Users\/ryosuke\/Library\/Developer\/CoreSimulator\/Devices\/552457B7-9585-4645-A0FC-F1C5705B276C\/data",
        "dataPathSize" : 1024925696,
        "logPath" : "\/Users\/ryosuke\/Library\/Logs\/CoreSimulator\/552457B7-9585-4645-A0FC-F1C5705B276C",
        "udid" : "552457B7-9585-4645-A0FC-F1C5705B276C",
        "isAvailable" : true,
        "logPathSize" : 143360,
        "deviceTypeIdentifier" : "com.apple.CoreSimulator.SimDeviceType.iPhone-17",
        "state" : "Shutdown",
        "name" : "Phlox-SimulatorGate-20261002-195624"
      },
      {
        "lastBootedAt" : "2026-10-02T11:00:18Z",
        "dataPath" : "\/Users\/ryosuke\/Library\/Developer\/CoreSimulator\/Devices\/AAB34682-B2C5-4F1C-984F-D3ABE22149BD\/data",
        "dataPathSize" : 1114963968,
        "logPath" : "\/Users\/ryosuke\/Library\/Logs\/CoreSimulator\/AAB34682-B2C5-4F1C-984F-D3ABE22149BD",
        "udid" : "AAB34682-B2C5-4F1C-984F-D3ABE22149BD",
        "isAvailable" : true,
        "logPathSize" : 155648,
        "deviceTypeIdentifier" : "com.apple.CoreSimulator.SimDeviceType.iPhone-17",
        "state" : "Shutdown",
        "name" : "Phlox-SimulatorGate-20261002-200017"
      },
      {
        "lastBootedAt" : "2026-10-02T11:03:12Z",
        "dataPath" : "\/Users\/ryosuke\/Library\/Developer\/CoreSimulator\/Devices\/801D9AD3-B072-4E8B-87C3-95D2C0A9AF94\/data",
        "dataPathSize" : 1001455616,
        "logPath" : "\/Users\/ryosuke\/Library\/Logs\/CoreSimulator\/801D9AD3-B072-4E8B-87C3-95D2C0A9AF94",
        "udid" : "801D9AD3-B072-4E8B-87C3-95D2C0A9AF94",
        "isAvailable" : true,
        "logPathSize" : 163840,
        "deviceTypeIdentifier" : "com.apple.CoreSimulator.SimDeviceType.iPhone-17",
        "state" : "Shutdown",
        "name" : "Phlox-SimulatorGate-20261002-200311"
      }
    ]
  }
}
終了コード: 0
